// Jest Snapshot v1, https://goo.gl/fbAQLP

exports[`<ImportExistingFlow /> Configure source repository to import and check full launch until next steps popup: Console link 1`] = `"https://console.starter-us-east-2.openshift.com/console/projects"`;

exports[`<ImportExistingFlow /> Configure source repository to import and check full launch until next steps popup: payload 1`] = `
Object {
  "clusterId": "starter-ca-central-1",
  "project": Object {
    "application": "my-test-app",
    "parts": Array [
      Object {
        "capabilities": Array [
          Object {
            "module": "import",
            "props": Object {
              "builderImage": "registry.access.redhat.com/redhat-openjdk-18/openjdk18-openshift",
              "env": Object {
                "JAVA_DEBUG": "true",
              },
              "gitImportUrl": "https://github.com/nodeshift-starters/nodejs-rest-http",
            },
          },
        ],
        "category": "import",
        "shared": Object {},
      },
    ],
  },
  "projectName": "my-test-app",
}
`;
